OSM landuse polygons in the regency bbox: 1023
        fclass   n
1  residential 161
2       forest  33
3     farmland  22
4      orchard   9
5        scrub   9
6   industrial   6
7     cemetery   5
8     farmyard   4
9        grass   2
10        park   1
11      quarry   1
land-cover groups usable: forest, plantation, wetland
Warning messages:
1: Values for 1834 query points lying outside the pixel image domain were estimated by projection to the nearest pixel 
2: Values for 402 query points lying outside the pixel image domain were estimated by projection to the nearest pixel 
3: Values for 10310 query points lying outside the pixel image domain were estimated by projection to the nearest pixel 
       group share_of_window
1     forest     0.208054811
2 plantation     0.106017255
3    wetland     0.002177727
Warning messages:
1: Values of the covariates 'Dforest_km', 'Dplantation_km', 'Dwetland_km' were NA or undefined at 98% (33144 out of 33788) of the quadrature points. Occurred while executing: ppm.ppp(Q = X, trend = ~Dforest_km + Dplantation_km + Dwetland_km,  
2: glm.fit: algorithm did not converge 
3: Values of the covariates 'Dforest_km', 'Dplantation_km', 'Dwetland_km' were NA or undefined at 98% (33144 out of 33788) of the quadrature points. Occurred while executing: ppm.ppp(Q = X, trend = ~Droad_km + Dwater_km + Dforest_km + Dplantation_km +  
4: glm.fit: algorithm did not converge 
  model         AIC npar         dAIC
1   all    278.7449    6 0.000000e+00
2 cover    279.1057    4 3.607317e-01
3  both 302663.0688    3 3.023843e+05
4  road 302676.4848    2 3.023977e+05
5  null 304667.8442    1 3.043891e+05
bootstrapping the Thomas fit, 199 resamples
  50/199
  100/199
  150/199
There were 50 or more warnings (use warnings() to see the first 50)
  point_sigma_m boot_median_m lo95_m hi95_m r95_lo_m r95_hi_m n_ok n_boot
1          1055          1334   1278   1383     3129     3384  199    199
land cover and bootstrap cached
